// Jest Snapshot v1, https://goo.gl/fbAQLP

exports[`Header should render 1`] = `
<DocumentFragment>
  <header>
    <nav
      class="bg-gray-800 w-full h-14 flex justify-start items-center p-2"
    >
      <div
        class="ml-3 bg-gray-800 flex text-sm rounded-full focus:outline-none focus:ring-2 focus:ring-offset-2 focus:ring-offset-gray-800 focus:ring-white"
      >
        <img
          alt="Spaceghost"
          class="h-8 w-8 rounded-full"
          src="https://blog.spaceout.pl/content/images/2020/03/spaceghost-1.jpg"
        />
      </div>
      <ul
        class="flex ml-2  w-56 justify-evenly"
      >
        <li
          class="text-white px-3 py-2 rounded-md text-sm font-medium hover:bg-gray-700 hover:text-white bg-gray-900"
        >
          <a
            href="/"
          >
            Home
          </a>
        </li>
        <li
          class="text-white px-3 py-2 rounded-md text-sm font-medium hover:bg-gray-700 hover:text-white false"
        >
          <a
            href="/about"
          >
            About
          </a>
        </li>
        <li
          class="text-white px-3 py-2 rounded-md text-sm font-medium hover:bg-gray-700 hover:text-white false"
        >
          <a
            href="/data"
          >
            Data
          </a>
        </li>
      </ul>
    </nav>
  </header>
</DocumentFragment>
`;
